[ 1692113ms] [ERROR] Failed to load resource: the server responded with a status of 404 (Not Found) @ http://localhost:6010/api/vps/cover/waha?t=1776342248739:0
[ 1692117ms] [ERROR] Failed to load resource: the server responded with a status of 404 (Not Found) @ http://localhost:6010/api/vps/cover/botson?t=1776342248739:0
[ 1692117ms] [ERROR] Failed to load resource: the server responded with a status of 404 (Not Found) @ http://localhost:6010/api/vps/cover/supabase?t=1776342248739:0
[ 1692117ms] [ERROR] Failed to load resource: the server responded with a status of 404 (Not Found) @ http://localhost:6010/api/vps/cover/caddy?t=1776342248739:0
[ 1692117ms] [ERROR] Failed to load resource: the server responded with a status of 404 (Not Found) @ http://localhost:6010/api/vps/cover/flowstate?t=1776342248739:0
[ 1697909ms] [ERROR] Failed to load resource: the server responded with a status of 404 (Not Found) @ http://localhost:6010/api/vps/cover/waha?t=1776342254529:0
[ 1697910ms] [ERROR] Failed to load resource: the server responded with a status of 404 (Not Found) @ http://localhost:6010/api/vps/cover/botson?t=1776342254529:0
[ 1697910ms] [ERROR] Failed to load resource: the server responded with a status of 404 (Not Found) @ http://localhost:6010/api/vps/cover/supabase?t=1776342254529:0
[ 1697911ms] [ERROR] Failed to load resource: the server responded with a status of 404 (Not Found) @ http://localhost:6010/api/vps/cover/caddy?t=1776342254529:0
[ 1697912ms] [ERROR] Failed to load resource: the server responded with a status of 404 (Not Found) @ http://localhost:6010/api/vps/cover/flowstate?t=1776342254529:0
[ 1720764ms] [ERROR] Failed to load resource: the server responded with a status of 404 (Not Found) @ http://localhost:6010/api/vps/cover/waha?t=1776342277390:0
[ 1720764ms] [ERROR] Failed to load resource: the server responded with a status of 404 (Not Found) @ http://localhost:6010/api/vps/cover/botson?t=1776342277390:0
[ 1720765ms] [ERROR] Failed to load resource: the server responded with a status of 404 (Not Found) @ http://localhost:6010/api/vps/cover/supabase?t=1776342277390:0
[ 1720765ms] [ERROR] Failed to load resource: the server responded with a status of 404 (Not Found) @ http://localhost:6010/api/vps/cover/caddy?t=1776342277390:0
[ 1720766ms] [ERROR] Failed to load resource: the server responded with a status of 404 (Not Found) @ http://localhost:6010/api/vps/cover/flowstate?t=1776342277390:0
[ 1750930ms] [ERROR] Failed to load resource: the server responded with a status of 404 (Not Found) @ http://localhost:6010/api/vps/cover/waha?t=1776342307556:0
[ 1750930ms] [ERROR] Failed to load resource: the server responded with a status of 404 (Not Found) @ http://localhost:6010/api/vps/cover/botson?t=1776342307556:0
[ 1750930ms] [ERROR] Failed to load resource: the server responded with a status of 404 (Not Found) @ http://localhost:6010/api/vps/cover/supabase?t=1776342307556:0
[ 1750931ms] [ERROR] Failed to load resource: the server responded with a status of 404 (Not Found) @ http://localhost:6010/api/vps/cover/caddy?t=1776342307556:0
[ 1750931ms] [ERROR] Failed to load resource: the server responded with a status of 404 (Not Found) @ http://localhost:6010/api/vps/cover/flowstate?t=1776342307556:0
[ 1780808ms] [ERROR] Failed to load resource: the server responded with a status of 404 (Not Found) @ http://localhost:6010/api/vps/cover/waha?t=1776342337434:0
[ 1780808ms] [ERROR] Failed to load resource: the server responded with a status of 404 (Not Found) @ http://localhost:6010/api/vps/cover/botson?t=1776342337434:0
[ 1780809ms] [ERROR] Failed to load resource: the server responded with a status of 404 (Not Found) @ http://localhost:6010/api/vps/cover/supabase?t=1776342337434:0
[ 1780809ms] [ERROR] Failed to load resource: the server responded with a status of 404 (Not Found) @ http://localhost:6010/api/vps/cover/flowstate?t=1776342337434:0
[ 1780809ms] [ERROR] Failed to load resource: the server responded with a status of 404 (Not Found) @ http://localhost:6010/api/vps/cover/caddy?t=1776342337434:0
[ 1810823ms] [ERROR] Failed to load resource: the server responded with a status of 404 (Not Found) @ http://localhost:6010/api/vps/cover/waha?t=1776342367447:0
[ 1810824ms] [ERROR] Failed to load resource: the server responded with a status of 404 (Not Found) @ http://localhost:6010/api/vps/cover/botson?t=1776342367447:0
[ 1810825ms] [ERROR] Failed to load resource: the server responded with a status of 404 (Not Found) @ http://localhost:6010/api/vps/cover/supabase?t=1776342367447:0
[ 1810826ms] [ERROR] Failed to load resource: the server responded with a status of 404 (Not Found) @ http://localhost:6010/api/vps/cover/caddy?t=1776342367447:0
[ 1810827ms] [ERROR] Failed to load resource: the server responded with a status of 404 (Not Found) @ http://localhost:6010/api/vps/cover/flowstate?t=1776342367447:0
[ 1840810ms] [ERROR] Failed to load resource: the server responded with a status of 404 (Not Found) @ http://localhost:6010/api/vps/cover/waha?t=1776342397436:0
[ 1840810ms] [ERROR] Failed to load resource: the server responded with a status of 404 (Not Found) @ http://localhost:6010/api/vps/cover/botson?t=1776342397436:0
[ 1840811ms] [ERROR] Failed to load resource: the server responded with a status of 404 (Not Found) @ http://localhost:6010/api/vps/cover/supabase?t=1776342397436:0
[ 1840812ms] [ERROR] Failed to load resource: the server responded with a status of 404 (Not Found) @ http://localhost:6010/api/vps/cover/caddy?t=1776342397436:0
[ 1840812ms] [ERROR] Failed to load resource: the server responded with a status of 404 (Not Found) @ http://localhost:6010/api/vps/cover/flowstate?t=1776342397436:0
[ 1870872ms] [ERROR] Failed to load resource: the server responded with a status of 404 (Not Found) @ http://localhost:6010/api/vps/cover/waha?t=1776342427497:0
[ 1870872ms] [ERROR] Failed to load resource: the server responded with a status of 404 (Not Found) @ http://localhost:6010/api/vps/cover/botson?t=1776342427497:0
[ 1870873ms] [ERROR] Failed to load resource: the server responded with a status of 404 (Not Found) @ http://localhost:6010/api/vps/cover/supabase?t=1776342427497:0
[ 1870873ms] [ERROR] Failed to load resource: the server responded with a status of 404 (Not Found) @ http://localhost:6010/api/vps/cover/caddy?t=1776342427497:0
[ 1870874ms] [ERROR] Failed to load resource: the server responded with a status of 404 (Not Found) @ http://localhost:6010/api/vps/cover/flowstate?t=1776342427497:0
[ 1900903ms] [ERROR] Failed to load resource: the server responded with a status of 404 (Not Found) @ http://localhost:6010/api/vps/cover/waha?t=1776342457529:0
[ 1900904ms] [ERROR] Failed to load resource: the server responded with a status of 404 (Not Found) @ http://localhost:6010/api/vps/cover/botson?t=1776342457529:0
[ 1900904ms] [ERROR] Failed to load resource: the server responded with a status of 404 (Not Found) @ http://localhost:6010/api/vps/cover/supabase?t=1776342457530:0
[ 1900905ms] [ERROR] Failed to load resource: the server responded with a status of 404 (Not Found) @ http://localhost:6010/api/vps/cover/caddy?t=1776342457530:0
[ 1900905ms] [ERROR] Failed to load resource: the server responded with a status of 404 (Not Found) @ http://localhost:6010/api/vps/cover/flowstate?t=1776342457530:0
[ 1930792ms] [ERROR] Failed to load resource: the server responded with a status of 404 (Not Found) @ http://localhost:6010/api/vps/cover/waha?t=1776342487417:0
[ 1930793ms] [ERROR] Failed to load resource: the server responded with a status of 404 (Not Found) @ http://localhost:6010/api/vps/cover/botson?t=1776342487417:0
[ 1930793ms] [ERROR] Failed to load resource: the server responded with a status of 404 (Not Found) @ http://localhost:6010/api/vps/cover/supabase?t=1776342487417:0
[ 1930794ms] [ERROR] Failed to load resource: the server responded with a status of 404 (Not Found) @ http://localhost:6010/api/vps/cover/caddy?t=1776342487417:0
[ 1930804ms] [ERROR] Failed to load resource: the server responded with a status of 404 (Not Found) @ http://localhost:6010/api/vps/cover/flowstate?t=1776342487417:0
[ 1961106ms] [ERROR] Failed to load resource: the server responded with a status of 404 (Not Found) @ http://localhost:6010/api/vps/cover/waha?t=1776342517732:0
[ 1961107ms] [ERROR] Failed to load resource: the server responded with a status of 404 (Not Found) @ http://localhost:6010/api/vps/cover/botson?t=1776342517732:0
[ 1961107ms] [ERROR] Failed to load resource: the server responded with a status of 404 (Not Found) @ http://localhost:6010/api/vps/cover/supabase?t=1776342517732:0
[ 1961108ms] [ERROR] Failed to load resource: the server responded with a status of 404 (Not Found) @ http://localhost:6010/api/vps/cover/caddy?t=1776342517732:0
[ 1961108ms] [ERROR] Failed to load resource: the server responded with a status of 404 (Not Found) @ http://localhost:6010/api/vps/cover/flowstate?t=1776342517732:0
[ 1990808ms] [ERROR] Failed to load resource: the server responded with a status of 404 (Not Found) @ http://localhost:6010/api/vps/cover/waha?t=1776342547431:0
[ 1990813ms] [ERROR] Failed to load resource: the server responded with a status of 404 (Not Found) @ http://localhost:6010/api/vps/cover/botson?t=1776342547431:0
[ 1990813ms] [ERROR] Failed to load resource: the server responded with a status of 404 (Not Found) @ http://localhost:6010/api/vps/cover/supabase?t=1776342547431:0
[ 1990813ms] [ERROR] Failed to load resource: the server responded with a status of 404 (Not Found) @ http://localhost:6010/api/vps/cover/caddy?t=1776342547431:0
[ 1990813ms] [ERROR] Failed to load resource: the server responded with a status of 404 (Not Found) @ http://localhost:6010/api/vps/cover/flowstate?t=1776342547431:0
[ 2020778ms] [ERROR] Failed to load resource: the server responded with a status of 404 (Not Found) @ http://localhost:6010/api/vps/cover/waha?t=1776342577404:0
[ 2020779ms] [ERROR] Failed to load resource: the server responded with a status of 404 (Not Found) @ http://localhost:6010/api/vps/cover/botson?t=1776342577404:0
[ 2020779ms] [ERROR] Failed to load resource: the server responded with a status of 404 (Not Found) @ http://localhost:6010/api/vps/cover/supabase?t=1776342577404:0
[ 2020780ms] [ERROR] Failed to load resource: the server responded with a status of 404 (Not Found) @ http://localhost:6010/api/vps/cover/caddy?t=1776342577404:0
[ 2020780ms] [ERROR] Failed to load resource: the server responded with a status of 404 (Not Found) @ http://localhost:6010/api/vps/cover/flowstate?t=1776342577404:0
[ 2050886ms] [ERROR] Failed to load resource: the server responded with a status of 404 (Not Found) @ http://localhost:6010/api/vps/cover/waha?t=1776342607513:0
[ 2050892ms] [ERROR] Failed to load resource: the server responded with a status of 404 (Not Found) @ http://localhost:6010/api/vps/cover/botson?t=1776342607513:0
[ 2050892ms] [ERROR] Failed to load resource: the server responded with a status of 404 (Not Found) @ http://localhost:6010/api/vps/cover/supabase?t=1776342607513:0
[ 2050892ms] [ERROR] Failed to load resource: the server responded with a status of 404 (Not Found) @ http://localhost:6010/api/vps/cover/flowstate?t=1776342607513:0
[ 2050893ms] [ERROR] Failed to load resource: the server responded with a status of 404 (Not Found) @ http://localhost:6010/api/vps/cover/caddy?t=1776342607513:0
[ 2080890ms] [ERROR] Failed to load resource: the server responded with a status of 404 (Not Found) @ http://localhost:6010/api/vps/cover/waha?t=1776342637513:0
[ 2080890ms] [ERROR] Failed to load resource: the server responded with a status of 404 (Not Found) @ http://localhost:6010/api/vps/cover/botson?t=1776342637513:0
[ 2080890ms] [ERROR] Failed to load resource: the server responded with a status of 404 (Not Found) @ http://localhost:6010/api/vps/cover/supabase?t=1776342637513:0
[ 2080891ms] [ERROR] Failed to load resource: the server responded with a status of 404 (Not Found) @ http://localhost:6010/api/vps/cover/caddy?t=1776342637513:0
[ 2080891ms] [ERROR] Failed to load resource: the server responded with a status of 404 (Not Found) @ http://localhost:6010/api/vps/cover/flowstate?t=1776342637513:0
[ 2110826ms] [ERROR] Failed to load resource: the server responded with a status of 404 (Not Found) @ http://localhost:6010/api/vps/cover/waha?t=1776342667452:0
[ 2110827ms] [ERROR] Failed to load resource: the server responded with a status of 404 (Not Found) @ http://localhost:6010/api/vps/cover/botson?t=1776342667452:0
[ 2110827ms] [ERROR] Failed to load resource: the server responded with a status of 404 (Not Found) @ http://localhost:6010/api/vps/cover/supabase?t=1776342667452:0
[ 2110828ms] [ERROR] Failed to load resource: the server responded with a status of 404 (Not Found) @ http://localhost:6010/api/vps/cover/caddy?t=1776342667452:0
[ 2110829ms] [ERROR] Failed to load resource: the server responded with a status of 404 (Not Found) @ http://localhost:6010/api/vps/cover/flowstate?t=1776342667452:0
[ 2140756ms] [ERROR] Failed to load resource: the server responded with a status of 404 (Not Found) @ http://localhost:6010/api/vps/cover/waha?t=1776342697383:0
[ 2140757ms] [ERROR] Failed to load resource: the server responded with a status of 404 (Not Found) @ http://localhost:6010/api/vps/cover/botson?t=1776342697383:0
[ 2140757ms] [ERROR] Failed to load resource: the server responded with a status of 404 (Not Found) @ http://localhost:6010/api/vps/cover/supabase?t=1776342697383:0
[ 2140758ms] [ERROR] Failed to load resource: the server responded with a status of 404 (Not Found) @ http://localhost:6010/api/vps/cover/caddy?t=1776342697383:0
[ 2140758ms] [ERROR] Failed to load resource: the server responded with a status of 404 (Not Found) @ http://localhost:6010/api/vps/cover/flowstate?t=1776342697383:0
[ 2170822ms] [ERROR] Failed to load resource: the server responded with a status of 404 (Not Found) @ http://localhost:6010/api/vps/cover/waha?t=1776342727445:0
[ 2170822ms] [ERROR] Failed to load resource: the server responded with a status of 404 (Not Found) @ http://localhost:6010/api/vps/cover/botson?t=1776342727445:0
[ 2170822ms] [ERROR] Failed to load resource: the server responded with a status of 404 (Not Found) @ http://localhost:6010/api/vps/cover/supabase?t=1776342727445:0
[ 2170822ms] [ERROR] Failed to load resource: the server responded with a status of 404 (Not Found) @ http://localhost:6010/api/vps/cover/caddy?t=1776342727445:0
[ 2170823ms] [ERROR] Failed to load resource: the server responded with a status of 404 (Not Found) @ http://localhost:6010/api/vps/cover/flowstate?t=1776342727445:0
[ 2200814ms] [ERROR] Failed to load resource: the server responded with a status of 404 (Not Found) @ http://localhost:6010/api/vps/cover/waha?t=1776342757441:0
[ 2200815ms] [ERROR] Failed to load resource: the server responded with a status of 404 (Not Found) @ http://localhost:6010/api/vps/cover/botson?t=1776342757441:0
[ 2200815ms] [ERROR] Failed to load resource: the server responded with a status of 404 (Not Found) @ http://localhost:6010/api/vps/cover/supabase?t=1776342757441:0
[ 2200816ms] [ERROR] Failed to load resource: the server responded with a status of 404 (Not Found) @ http://localhost:6010/api/vps/cover/caddy?t=1776342757441:0
[ 2200819ms] [ERROR] Failed to load resource: the server responded with a status of 404 (Not Found) @ http://localhost:6010/api/vps/cover/flowstate?t=1776342757441:0
[ 2230838ms] [ERROR] Failed to load resource: the server responded with a status of 404 (Not Found) @ http://localhost:6010/api/vps/cover/waha?t=1776342787464:0
[ 2230839ms] [ERROR] Failed to load resource: the server responded with a status of 404 (Not Found) @ http://localhost:6010/api/vps/cover/botson?t=1776342787464:0
[ 2230839ms] [ERROR] Failed to load resource: the server responded with a status of 404 (Not Found) @ http://localhost:6010/api/vps/cover/supabase?t=1776342787464:0
[ 2230840ms] [ERROR] Failed to load resource: the server responded with a status of 404 (Not Found) @ http://localhost:6010/api/vps/cover/caddy?t=1776342787464:0
[ 2230841ms] [ERROR] Failed to load resource: the server responded with a status of 404 (Not Found) @ http://localhost:6010/api/vps/cover/flowstate?t=1776342787464:0
[ 2260926ms] [ERROR] Failed to load resource: the server responded with a status of 404 (Not Found) @ http://localhost:6010/api/vps/cover/waha?t=1776342817552:0
[ 2260927ms] [ERROR] Failed to load resource: the server responded with a status of 404 (Not Found) @ http://localhost:6010/api/vps/cover/botson?t=1776342817552:0
[ 2260927ms] [ERROR] Failed to load resource: the server responded with a status of 404 (Not Found) @ http://localhost:6010/api/vps/cover/supabase?t=1776342817552:0
[ 2260928ms] [ERROR] Failed to load resource: the server responded with a status of 404 (Not Found) @ http://localhost:6010/api/vps/cover/caddy?t=1776342817552:0
[ 2260929ms] [ERROR] Failed to load resource: the server responded with a status of 404 (Not Found) @ http://localhost:6010/api/vps/cover/flowstate?t=1776342817552:0
[ 2290852ms] [ERROR] Failed to load resource: the server responded with a status of 404 (Not Found) @ http://localhost:6010/api/vps/cover/waha?t=1776342847479:0
[ 2290853ms] [ERROR] Failed to load resource: the server responded with a status of 404 (Not Found) @ http://localhost:6010/api/vps/cover/botson?t=1776342847479:0
[ 2290853ms] [ERROR] Failed to load resource: the server responded with a status of 404 (Not Found) @ http://localhost:6010/api/vps/cover/supabase?t=1776342847479:0
[ 2290853ms] [ERROR] Failed to load resource: the server responded with a status of 404 (Not Found) @ http://localhost:6010/api/vps/cover/caddy?t=1776342847479:0
[ 2290854ms] [ERROR] Failed to load resource: the server responded with a status of 404 (Not Found) @ http://localhost:6010/api/vps/cover/flowstate?t=1776342847479:0
[ 2320907ms] [ERROR] Failed to load resource: the server responded with a status of 404 (Not Found) @ http://localhost:6010/api/vps/cover/waha?t=1776342877531:0
[ 2320907ms] [ERROR] Failed to load resource: the server responded with a status of 404 (Not Found) @ http://localhost:6010/api/vps/cover/botson?t=1776342877531:0
[ 2320908ms] [ERROR] Failed to load resource: the server responded with a status of 404 (Not Found) @ http://localhost:6010/api/vps/cover/supabase?t=1776342877531:0
[ 2320909ms] [ERROR] Failed to load resource: the server responded with a status of 404 (Not Found) @ http://localhost:6010/api/vps/cover/caddy?t=1776342877531:0
[ 2320910ms] [ERROR] Failed to load resource: the server responded with a status of 404 (Not Found) @ http://localhost:6010/api/vps/cover/flowstate?t=1776342877531:0
[ 2351155ms] [ERROR] Failed to load resource: the server responded with a status of 404 (Not Found) @ http://localhost:6010/api/vps/cover/waha?t=1776342907779:0
[ 2351156ms] [ERROR] Failed to load resource: the server responded with a status of 404 (Not Found) @ http://localhost:6010/api/vps/cover/botson?t=1776342907779:0
[ 2351157ms] [ERROR] Failed to load resource: the server responded with a status of 404 (Not Found) @ http://localhost:6010/api/vps/cover/supabase?t=1776342907779:0
[ 2351158ms] [ERROR] Failed to load resource: the server responded with a status of 404 (Not Found) @ http://localhost:6010/api/vps/cover/caddy?t=1776342907779:0
[ 2351159ms] [ERROR] Failed to load resource: the server responded with a status of 404 (Not Found) @ http://localhost:6010/api/vps/cover/flowstate?t=1776342907779:0
[ 2380945ms] [ERROR] Failed to load resource: the server responded with a status of 404 (Not Found) @ http://localhost:6010/api/vps/cover/waha?t=1776342937570:0
[ 2380946ms] [ERROR] Failed to load resource: the server responded with a status of 404 (Not Found) @ http://localhost:6010/api/vps/cover/botson?t=1776342937570:0
[ 2380946ms] [ERROR] Failed to load resource: the server responded with a status of 404 (Not Found) @ http://localhost:6010/api/vps/cover/supabase?t=1776342937570:0
[ 2380947ms] [ERROR] Failed to load resource: the server responded with a status of 404 (Not Found) @ http://localhost:6010/api/vps/cover/caddy?t=1776342937570:0
[ 2380948ms] [ERROR] Failed to load resource: the server responded with a status of 404 (Not Found) @ http://localhost:6010/api/vps/cover/flowstate?t=1776342937570:0
[ 2411093ms] [ERROR] Failed to load resource: the server responded with a status of 404 (Not Found) @ http://localhost:6010/api/vps/cover/waha?t=1776342967719:0
[ 2411094ms] [ERROR] Failed to load resource: the server responded with a status of 404 (Not Found) @ http://localhost:6010/api/vps/cover/botson?t=1776342967719:0
[ 2411094ms] [ERROR] Failed to load resource: the server responded with a status of 404 (Not Found) @ http://localhost:6010/api/vps/cover/supabase?t=1776342967719:0
[ 2411095ms] [ERROR] Failed to load resource: the server responded with a status of 404 (Not Found) @ http://localhost:6010/api/vps/cover/caddy?t=1776342967719:0
[ 2411095ms] [ERROR] Failed to load resource: the server responded with a status of 404 (Not Found) @ http://localhost:6010/api/vps/cover/flowstate?t=1776342967719:0
[ 2440872ms] [ERROR] Failed to load resource: the server responded with a status of 404 (Not Found) @ http://localhost:6010/api/vps/cover/waha?t=1776342997498:0
[ 2440876ms] [ERROR] Failed to load resource: the server responded with a status of 404 (Not Found) @ http://localhost:6010/api/vps/cover/botson?t=1776342997498:0
[ 2440876ms] [ERROR] Failed to load resource: the server responded with a status of 404 (Not Found) @ http://localhost:6010/api/vps/cover/supabase?t=1776342997498:0
[ 2440876ms] [ERROR] Failed to load resource: the server responded with a status of 404 (Not Found) @ http://localhost:6010/api/vps/cover/caddy?t=1776342997498:0
[ 2440876ms] [ERROR] Failed to load resource: the server responded with a status of 404 (Not Found) @ http://localhost:6010/api/vps/cover/flowstate?t=1776342997498:0
[ 2470912ms] [ERROR] Failed to load resource: the server responded with a status of 404 (Not Found) @ http://localhost:6010/api/vps/cover/waha?t=1776343027538:0
[ 2470913ms] [ERROR] Failed to load resource: the server responded with a status of 404 (Not Found) @ http://localhost:6010/api/vps/cover/botson?t=1776343027538:0
[ 2470914ms] [ERROR] Failed to load resource: the server responded with a status of 404 (Not Found) @ http://localhost:6010/api/vps/cover/supabase?t=1776343027538:0
[ 2470914ms] [ERROR] Failed to load resource: the server responded with a status of 404 (Not Found) @ http://localhost:6010/api/vps/cover/caddy?t=1776343027538:0
[ 2470915ms] [ERROR] Failed to load resource: the server responded with a status of 404 (Not Found) @ http://localhost:6010/api/vps/cover/flowstate?t=1776343027538:0
[ 2500930ms] [ERROR] Failed to load resource: the server responded with a status of 404 (Not Found) @ http://localhost:6010/api/vps/cover/waha?t=1776343057555:0
[ 2500930ms] [ERROR] Failed to load resource: the server responded with a status of 404 (Not Found) @ http://localhost:6010/api/vps/cover/botson?t=1776343057555:0
[ 2500930ms] [ERROR] Failed to load resource: the server responded with a status of 404 (Not Found) @ http://localhost:6010/api/vps/cover/supabase?t=1776343057555:0
[ 2500931ms] [ERROR] Failed to load resource: the server responded with a status of 404 (Not Found) @ http://localhost:6010/api/vps/cover/caddy?t=1776343057555:0
[ 2500931ms] [ERROR] Failed to load resource: the server responded with a status of 404 (Not Found) @ http://localhost:6010/api/vps/cover/flowstate?t=1776343057555:0
[ 2531026ms] [ERROR] Failed to load resource: the server responded with a status of 404 (Not Found) @ http://localhost:6010/api/vps/cover/waha?t=1776343087651:0
[ 2531026ms] [ERROR] Failed to load resource: the server responded with a status of 404 (Not Found) @ http://localhost:6010/api/vps/cover/botson?t=1776343087651:0
[ 2531027ms] [ERROR] Failed to load resource: the server responded with a status of 404 (Not Found) @ http://localhost:6010/api/vps/cover/supabase?t=1776343087651:0
[ 2531028ms] [ERROR] Failed to load resource: the server responded with a status of 404 (Not Found) @ http://localhost:6010/api/vps/cover/caddy?t=1776343087651:0
[ 2531029ms] [ERROR] Failed to load resource: the server responded with a status of 404 (Not Found) @ http://localhost:6010/api/vps/cover/flowstate?t=1776343087651:0
[ 2560956ms] [ERROR] Failed to load resource: the server responded with a status of 404 (Not Found) @ http://localhost:6010/api/vps/cover/waha?t=1776343117579:0
[ 2560956ms] [ERROR] Failed to load resource: the server responded with a status of 404 (Not Found) @ http://localhost:6010/api/vps/cover/botson?t=1776343117579:0
[ 2560956ms] [ERROR] Failed to load resource: the server responded with a status of 404 (Not Found) @ http://localhost:6010/api/vps/cover/supabase?t=1776343117579:0
[ 2560957ms] [ERROR] Failed to load resource: the server responded with a status of 404 (Not Found) @ http://localhost:6010/api/vps/cover/caddy?t=1776343117579:0
[ 2560957ms] [ERROR] Failed to load resource: the server responded with a status of 404 (Not Found) @ http://localhost:6010/api/vps/cover/flowstate?t=1776343117579:0
[ 2591006ms] [ERROR] Failed to load resource: the server responded with a status of 404 (Not Found) @ http://localhost:6010/api/vps/cover/waha?t=1776343147631:0
[ 2591006ms] [ERROR] Failed to load resource: the server responded with a status of 404 (Not Found) @ http://localhost:6010/api/vps/cover/botson?t=1776343147631:0
[ 2591007ms] [ERROR] Failed to load resource: the server responded with a status of 404 (Not Found) @ http://localhost:6010/api/vps/cover/supabase?t=1776343147631:0
[ 2591008ms] [ERROR] Failed to load resource: the server responded with a status of 404 (Not Found) @ http://localhost:6010/api/vps/cover/caddy?t=1776343147631:0
[ 2591008ms] [ERROR] Failed to load resource: the server responded with a status of 404 (Not Found) @ http://localhost:6010/api/vps/cover/flowstate?t=1776343147631:0
[ 2621003ms] [ERROR] Failed to load resource: the server responded with a status of 404 (Not Found) @ http://localhost:6010/api/vps/cover/waha?t=1776343177625:0
[ 2621003ms] [ERROR] Failed to load resource: the server responded with a status of 404 (Not Found) @ http://localhost:6010/api/vps/cover/botson?t=1776343177625:0
[ 2621004ms] [ERROR] Failed to load resource: the server responded with a status of 404 (Not Found) @ http://localhost:6010/api/vps/cover/supabase?t=1776343177625:0
[ 2621004ms] [ERROR] Failed to load resource: the server responded with a status of 404 (Not Found) @ http://localhost:6010/api/vps/cover/caddy?t=1776343177625:0
[ 2621004ms] [ERROR] Failed to load resource: the server responded with a status of 404 (Not Found) @ http://localhost:6010/api/vps/cover/flowstate?t=1776343177625:0
[ 2651004ms] [ERROR] Failed to load resource: the server responded with a status of 404 (Not Found) @ http://localhost:6010/api/vps/cover/waha?t=1776343207629:0
[ 2651005ms] [ERROR] Failed to load resource: the server responded with a status of 404 (Not Found) @ http://localhost:6010/api/vps/cover/botson?t=1776343207629:0
[ 2651005ms] [ERROR] Failed to load resource: the server responded with a status of 404 (Not Found) @ http://localhost:6010/api/vps/cover/supabase?t=1776343207629:0
[ 2651006ms] [ERROR] Failed to load resource: the server responded with a status of 404 (Not Found) @ http://localhost:6010/api/vps/cover/caddy?t=1776343207629:0
[ 2651007ms] [ERROR] Failed to load resource: the server responded with a status of 404 (Not Found) @ http://localhost:6010/api/vps/cover/flowstate?t=1776343207629:0
[ 2680891ms] [ERROR] Failed to load resource: the server responded with a status of 404 (Not Found) @ http://localhost:6010/api/vps/cover/waha?t=1776343237514:0
[ 2680891ms] [ERROR] Failed to load resource: the server responded with a status of 404 (Not Found) @ http://localhost:6010/api/vps/cover/botson?t=1776343237514:0
[ 2680892ms] [ERROR] Failed to load resource: the server responded with a status of 404 (Not Found) @ http://localhost:6010/api/vps/cover/supabase?t=1776343237514:0
[ 2680893ms] [ERROR] Failed to load resource: the server responded with a status of 404 (Not Found) @ http://localhost:6010/api/vps/cover/caddy?t=1776343237514:0
